100回のウェブサイト実行を開始します...

実行 1/100 - タイトル: Freshjelly — 没入感あるデジタル体験を、軽やかに。 - 読み込み時間: 2138ms
実行 2/100 - タイトル: Freshjelly — 没入感あるデジタル体験を、軽やかに。 - 読み込み時間: 2096ms
実行 3/100 - タイトル: Freshjelly — 没入感あるデジタル体験を、軽やかに。 - 読み込み時間: 2090ms
実行 4/100 - タイトル: Freshjelly — 没入感あるデジタル体験を、軽やかに。 - 読み込み時間: 2088ms
実行 5/100 - タイトル: Freshjelly — 没入感あるデジタル体験を、軽やかに。 - 読み込み時間: 2091ms
実行 6/100 - タイトル: Freshjelly — 没入感あるデジタル体験を、軽やかに。 - 読み込み時間: 2095ms
実行 7/100 - タイトル: Freshjelly — 没入感あるデジタル体験を、軽やかに。 - 読み込み時間: 2084ms
実行 8/100 - タイトル: Freshjelly — 没入感あるデジタル体験を、軽やかに。 - 読み込み時間: 2260ms
実行 9/100 - タイトル: Freshjelly — 没入感あるデジタル体験を、軽やかに。 - 読み込み時間: 2088ms
実行 10/100 - タイトル: Freshjelly — 没入感あるデジタル体験を、軽やかに。 - 読み込み時間: 2088ms
実行 11/100 - タイトル: Freshjelly — 没入感あるデジタル体験を、軽やかに。 - 読み込み時間: 2080ms
実行 12/100 - タイトル: Freshjelly — 没入感あるデジタル体験を、軽やかに。 - 読み込み時間: 2085ms
実行 13/100 - タイトル: Freshjelly — 没入感あるデジタル体験を、軽やかに。 - 読み込み時間: 2091ms
実行 14/100 - タイトル: Freshjelly — 没入感あるデジタル体験を、軽やかに。 - 読み込み時間: 2085ms
実行 15/100 - タイトル: Freshjelly — 没入感あるデジタル体験を、軽やかに。 - 読み込み時間: 2084ms
実行 16/100 - タイトル: Freshjelly — 没入感あるデジタル体験を、軽やかに。 - 読み込み時間: 2083ms
実行 17/100 - タイトル: Freshjelly — 没入感あるデジタル体験を、軽やかに。 - 読み込み時間: 2093ms
実行 18/100 - タイトル: Freshjelly — 没入感あるデジタル体験を、軽やかに。 - 読み込み時間: 2087ms
実行 19/100 - タイトル: Freshjelly — 没入感あるデジタル体験を、軽やかに。 - 読み込み時間: 2076ms
実行 20/100 - タイトル: Freshjelly — 没入感あるデジタル体験を、軽やかに。 - 読み込み時間: 2091ms
実行 21/100 - タイトル: Freshjelly — 没入感あるデジタル体験を、軽やかに。 - 読み込み時間: 2084ms
実行 22/100 - タイトル: Freshjelly — 没入感あるデジタル体験を、軽やかに。 - 読み込み時間: 2093ms
実行 23/100 - タイトル: Freshjelly — 没入感あるデジタル体験を、軽やかに。 - 読み込み時間: 2083ms
実行 24/100 - タイトル: Freshjelly — 没入感あるデジタル体験を、軽やかに。 - 読み込み時間: 2084ms
実行 25/100 - タイトル: Freshjelly — 没入感あるデジタル体験を、軽やかに。 - 読み込み時間: 2091ms
実行 26/100 - タイトル: Freshjelly — 没入感あるデジタル体験を、軽やかに。 - 読み込み時間: 2088ms
実行 27/100 - タイトル: Freshjelly — 没入感あるデジタル体験を、軽やかに。 - 読み込み時間: 2139ms
実行 28/100 - タイトル: Freshjelly — 没入感あるデジタル体験を、軽やかに。 - 読み込み時間: 2155ms
実行 29/100 - タイトル: Freshjelly — 没入感あるデジタル体験を、軽やかに。 - 読み込み時間: 2087ms
実行 30/100 - タイトル: Freshjelly — 没入感あるデジタル体験を、軽やかに。 - 読み込み時間: 2092ms
実行 31/100 - タイトル: Freshjelly — 没入感あるデジタル体験を、軽やかに。 - 読み込み時間: 2087ms
実行 32/100 - タイトル: Freshjelly — 没入感あるデジタル体験を、軽やかに。 - 読み込み時間: 2084ms
実行 33/100 - タイトル: Freshjelly — 没入感あるデジタル体験を、軽やかに。 - 読み込み時間: 2090ms
実行 34/100 - タイトル: Freshjelly — 没入感あるデジタル体験を、軽やかに。 - 読み込み時間: 2088ms
実行 35/100 - タイトル: Freshjelly — 没入感あるデジタル体験を、軽やかに。 - 読み込み時間: 2144ms
実行 36/100 - タイトル: Freshjelly — 没入感あるデジタル体験を、軽やかに。 - 読み込み時間: 2090ms
実行 37/100 - タイトル: Freshjelly — 没入感あるデジタル体験を、軽やかに。 - 読み込み時間: 2087ms
実行 38/100 - タイトル: Freshjelly — 没入感あるデジタル体験を、軽やかに。 - 読み込み時間: 2085ms
実行 39/100 - タイトル: Freshjelly — 没入感あるデジタル体験を、軽やかに。 - 読み込み時間: 2089ms
実行 40/100 - タイトル: Freshjelly — 没入感あるデジタル体験を、軽やかに。 - 読み込み時間: 2091ms
実行 41/100 - タイトル: Freshjelly — 没入感あるデジタル体験を、軽やかに。 - 読み込み時間: 2096ms
実行 42/100 - タイトル: Freshjelly — 没入感あるデジタル体験を、軽やかに。 - 読み込み時間: 2085ms
実行 43/100 - タイトル: Freshjelly — 没入感あるデジタル体験を、軽やかに。 - 読み込み時間: 2085ms
実行 44/100 - タイトル: Freshjelly — 没入感あるデジタル体験を、軽やかに。 - 読み込み時間: 2082ms
実行 45/100 - タイトル: Freshjelly — 没入感あるデジタル体験を、軽やかに。 - 読み込み時間: 2082ms
実行 46/100 - タイトル: Freshjelly — 没入感あるデジタル体験を、軽やかに。 - 読み込み時間: 2085ms
実行 47/100 - タイトル: Freshjelly — 没入感あるデジタル体験を、軽やかに。 - 読み込み時間: 2088ms
実行 48/100 - タイトル: Freshjelly — 没入感あるデジタル体験を、軽やかに。 - 読み込み時間: 2150ms
実行 49/100 - タイトル: Freshjelly — 没入感あるデジタル体験を、軽やかに。 - 読み込み時間: 2098ms
実行 50/100 - タイトル: Freshjelly — 没入感あるデジタル体験を、軽やかに。 - 読み込み時間: 2089ms
実行 51/100 - タイトル: Freshjelly — 没入感あるデジタル体験を、軽やかに。 - 読み込み時間: 2088ms
実行 52/100 - タイトル: Freshjelly — 没入感あるデジタル体験を、軽やかに。 - 読み込み時間: 2083ms
実行 53/100 - タイトル: Freshjelly — 没入感あるデジタル体験を、軽やかに。 - 読み込み時間: 2094ms
実行 54/100 - タイトル: Freshjelly — 没入感あるデジタル体験を、軽やかに。 - 読み込み時間: 2088ms
実行 55/100 - タイトル: Freshjelly — 没入感あるデジタル体験を、軽やかに。 - 読み込み時間: 2085ms
実行 56/100 - タイトル: Freshjelly — 没入感あるデジタル体験を、軽やかに。 - 読み込み時間: 2084ms
実行 57/100 - タイトル: Freshjelly — 没入感あるデジタル体験を、軽やかに。 - 読み込み時間: 2085ms
実行 58/100 - タイトル: Freshjelly — 没入感あるデジタル体験を、軽やかに。 - 読み込み時間: 2097ms
実行 59/100 - タイトル: Freshjelly — 没入感あるデジタル体験を、軽やかに。 - 読み込み時間: 2094ms
実行 60/100 - タイトル: Freshjelly — 没入感あるデジタル体験を、軽やかに。 - 読み込み時間: 2090ms
実行 61/100 - タイトル: Freshjelly — 没入感あるデジタル体験を、軽やかに。 - 読み込み時間: 2088ms
実行 62/100 - タイトル: Freshjelly — 没入感あるデジタル体験を、軽やかに。 - 読み込み時間: 2086ms
実行 63/100 - タイトル: Freshjelly — 没入感あるデジタル体験を、軽やかに。 - 読み込み時間: 2090ms
実行 64/100 - タイトル: Freshjelly — 没入感あるデジタル体験を、軽やかに。 - 読み込み時間: 2087ms
実行 65/100 - タイトル: Freshjelly — 没入感あるデジタル体験を、軽やかに。 - 読み込み時間: 2089ms
実行 66/100 - タイトル: Freshjelly — 没入感あるデジタル体験を、軽やかに。 - 読み込み時間: 2090ms
実行 67/100 - タイトル: Freshjelly — 没入感あるデジタル体験を、軽やかに。 - 読み込み時間: 2084ms
実行 68/100 - タイトル: Freshjelly — 没入感あるデジタル体験を、軽やかに。 - 読み込み時間: 2093ms
実行 69/100 - タイトル: Freshjelly — 没入感あるデジタル体験を、軽やかに。 - 読み込み時間: 2093ms
実行 70/100 - タイトル: Freshjelly — 没入感あるデジタル体験を、軽やかに。 - 読み込み時間: 2086ms
実行 71/100 - タイトル: Freshjelly — 没入感あるデジタル体験を、軽やかに。 - 読み込み時間: 2087ms
実行 72/100 - タイトル: Freshjelly — 没入感あるデジタル体験を、軽やかに。 - 読み込み時間: 2088ms
実行 73/100 - タイトル: Freshjelly — 没入感あるデジタル体験を、軽やかに。 - 読み込み時間: 2087ms
実行 74/100 - タイトル: Freshjelly — 没入感あるデジタル体験を、軽やかに。 - 読み込み時間: 2086ms
実行 75/100 - タイトル: Freshjelly — 没入感あるデジタル体験を、軽やかに。 - 読み込み時間: 2086ms
実行 76/100 - タイトル: Freshjelly — 没入感あるデジタル体験を、軽やかに。 - 読み込み時間: 2086ms
実行 77/100 - タイトル: Freshjelly — 没入感あるデジタル体験を、軽やかに。 - 読み込み時間: 2090ms
実行 78/100 - タイトル: Freshjelly — 没入感あるデジタル体験を、軽やかに。 - 読み込み時間: 2086ms
実行 79/100 - タイトル: Freshjelly — 没入感あるデジタル体験を、軽やかに。 - 読み込み時間: 2091ms
実行 80/100 - タイトル: Freshjelly — 没入感あるデジタル体験を、軽やかに。 - 読み込み時間: 2098ms
実行 81/100 - タイトル: Freshjelly — 没入感あるデジタル体験を、軽やかに。 - 読み込み時間: 2087ms
実行 82/100 - タイトル: Freshjelly — 没入感あるデジタル体験を、軽やかに。 - 読み込み時間: 2082ms
実行 83/100 - タイトル: Freshjelly — 没入感あるデジタル体験を、軽やかに。 - 読み込み時間: 2079ms
実行 84/100 - タイトル: Freshjelly — 没入感あるデジタル体験を、軽やかに。 - 読み込み時間: 2081ms
実行 85/100 - タイトル: Freshjelly — 没入感あるデジタル体験を、軽やかに。 - 読み込み時間: 2082ms
実行 86/100 - タイトル: Freshjelly — 没入感あるデジタル体験を、軽やかに。 - 読み込み時間: 2090ms
実行 87/100 - タイトル: Freshjelly — 没入感あるデジタル体験を、軽やかに。 - 読み込み時間: 2086ms
実行 88/100 - タイトル: Freshjelly — 没入感あるデジタル体験を、軽やかに。 - 読み込み時間: 2082ms
実行 89/100 - タイトル: Freshjelly — 没入感あるデジタル体験を、軽やかに。 - 読み込み時間: 2209ms
実行 90/100 - タイトル: Freshjelly — 没入感あるデジタル体験を、軽やかに。 - 読み込み時間: 2084ms
実行 91/100 - タイトル: Freshjelly — 没入感あるデジタル体験を、軽やかに。 - 読み込み時間: 2081ms
実行 92/100 - タイトル: Freshjelly — 没入感あるデジタル体験を、軽やかに。 - 読み込み時間: 2074ms
実行 93/100 - タイトル: Freshjelly — 没入感あるデジタル体験を、軽やかに。 - 読み込み時間: 2086ms
実行 94/100 - タイトル: Freshjelly — 没入感あるデジタル体験を、軽やかに。 - 読み込み時間: 2086ms
実行 95/100 - タイトル: Freshjelly — 没入感あるデジタル体験を、軽やかに。 - 読み込み時間: 2083ms
実行 96/100 - タイトル: Freshjelly — 没入感あるデジタル体験を、軽やかに。 - 読み込み時間: 2082ms
実行 97/100 - タイトル: Freshjelly — 没入感あるデジタル体験を、軽やかに。 - 読み込み時間: 2084ms
実行 98/100 - タイトル: Freshjelly — 没入感あるデジタル体験を、軽やかに。 - 読み込み時間: 2084ms
実行 99/100 - タイトル: Freshjelly — 没入感あるデジタル体験を、軽やかに。 - 読み込み時間: 2087ms
実行 100/100 - タイトル: Freshjelly — 没入感あるデジタル体験を、軽やかに。 - 読み込み時間: 2082ms


=== 実行結果サマリー ===
成功: 100/100
失敗: 0/100
平均読み込み時間: 2092.94ms
最小読み込み時間: 2074ms
最大読み込み時間: 2260ms
